// Jest Snapshot v1, https://goo.gl/fbAQLP

exports[`CDK synthesis result should match the snapshot 1`] = `Object {}`;
