// Jest Snapshot v1, https://goo.gl/fbAQLP

exports[`CDK synthesis result should match the snapshot 1`] = `
Object {
  "Resources": Object {
    "InstanceC1063A87": Object {
      "DependsOn": Array [
        "InstanceInstanceRoleE9785DE5",
      ],
      "Properties": Object {
        "AvailabilityZone": Object {
          "Fn::Select": Array [
            0,
            Object {
              "Fn::GetAZs": "",
            },
          ],
        },
        "IamInstanceProfile": Object {
          "Ref": "InstanceInstanceProfileAB5AEF02",
        },
        "ImageId": "ami-012ddf6cd25ab1e61",
        "InstanceType": "t3.nano",
        "SecurityGroupIds": Array [
          Object {
            "Fn::GetAtt": Array [
              "SecurityGroupDD263621",
              "GroupId",
            ],
          },
        ],
        "SubnetId": Object {
          "Ref": "VPCPrivateSubnet1Subnet8BCA10E0",
        },
        "Tags": Array [
          Object {
            "Key": "Name",
            "Value": "EcsTemplateStack/Instance",
          },
        ],
        "UserData": Object {
          "Fn::Base64": "<powershell></powershell>",
        },
      },
      "Type": "AWS::EC2::Instance",
    },
    "InstanceInstanceProfileAB5AEF02": Object {
      "Properties": Object {
        "Roles": Array [
          Object {
            "Ref": "InstanceInstanceRoleE9785DE5",
          },
        ],
      },
      "Type": "AWS::IAM::InstanceProfile",
    },
    "InstanceInstanceRoleE9785DE5": Object {
      "Properties": Object {
        "AssumeRolePolicyDocument": Object {
          "Statement": Array [
            Object {
              "Action": "sts:AssumeRole",
              "Effect": "Allow",
              "Principal": Object {
                "Service": "ec2.amazonaws.com",
              },
            },
          ],
          "Version": "2012-10-17",
        },
        "Tags": Array [
          Object {
            "Key": "Name",
            "Value": "EcsTemplateStack/Instance",
          },
        ],
      },
      "Type": "AWS::IAM::Role",
    },
    "SecurityGroupDD263621": Object {
      "Properties": Object {
        "GroupDescription": "Allow ssh, rdp and opc/tcp access to ec2 instances from anywhere",
        "GroupName": "my-test-sg",
        "SecurityGroupEgress": Array [
          Object {
            "CidrIp": "0.0.0.0/0",
            "Description": "Allow all outbound traffic by default",
            "IpProtocol": "-1",
          },
        ],
        "SecurityGroupIngress": Array [
          Object {
            "CidrIp": "0.0.0.0/0",
            "Description": "allow public ssh access",
            "FromPort": 22,
            "IpProtocol": "tcp",
            "ToPort": 22,
          },
          Object {
            "CidrIp": "0.0.0.0/0",
            "Description": "allow public rdp access",
            "FromPort": 3389,
            "IpProtocol": "tcp",
            "ToPort": 3389,
          },
          Object {
            "CidrIp": "0.0.0.0/0",
            "Description": "allow public opc access",
            "FromPort": 4840,
            "IpProtocol": "tcp",
            "ToPort": 4840,
          },
        ],
        "VpcId": Object {
          "Ref": "VPCB9E5F0B4",
        },
      },
      "Type": "AWS::EC2::SecurityGroup",
    },
    "VPCB9E5F0B4": Object {
      "Properties": Object {
        "CidrBlock": "10.0.0.0/16",
        "EnableDnsHostnames": true,
        "EnableDnsSupport": true,
        "InstanceTenancy": "default",
        "Tags": Array [
          Object {
            "Key": "Name",
            "Value": "EcsTemplateStack/VPC",
          },
        ],
      },
      "Type": "AWS::EC2::VPC",
    },
    "VPCIGWB7E252D3": Object {
      "Properties": Object {
        "Tags": Array [
          Object {
            "Key": "Name",
            "Value": "EcsTemplateStack/VPC",
          },
        ],
      },
      "Type": "AWS::EC2::InternetGateway",
    },
    "VPCPrivateSubnet1DefaultRouteAE1D6490": Object {
      "Properties": Object {
        "DestinationCidrBlock": "0.0.0.0/0",
        "NatGatewayId": Object {
          "Ref": "VPCPublicSubnet1NATGatewayE0556630",
        },
        "RouteTableId": Object {
          "Ref": "VPCPrivateSubnet1RouteTableBE8A6027",
        },
      },
      "Type": "AWS::EC2::Route",
    },
    "VPCPrivateSubnet1RouteTableAssociation347902D1": Object {
      "Properties": Object {
        "RouteTableId": Object {
          "Ref": "VPCPrivateSubnet1RouteTableBE8A6027",
        },
        "SubnetId": Object {
          "Ref": "VPCPrivateSubnet1Subnet8BCA10E0",
        },
      },
      "Type": "AWS::EC2::SubnetRouteTableAssociation",
    },
    "VPCPrivateSubnet1RouteTableBE8A6027": Object {
      "Properties": Object {
        "Tags": Array [
          Object {
            "Key": "Name",
            "Value": "EcsTemplateStack/VPC/PrivateSubnet1",
          },
        ],
        "VpcId": Object {
          "Ref": "VPCB9E5F0B4",
        },
      },
      "Type": "AWS::EC2::RouteTable",
    },
    "VPCPrivateSubnet1Subnet8BCA10E0": Object {
      "Properties": Object {
        "AvailabilityZone": Object {
          "Fn::Select": Array [
            0,
            Object {
              "Fn::GetAZs": "",
            },
          ],
        },
        "CidrBlock": "10.0.128.0/18",
        "MapPublicIpOnLaunch": false,
        "Tags": Array [
          Object {
            "Key": "Name",
            "Value": "EcsTemplateStack/VPC/PrivateSubnet1",
          },
          Object {
            "Key": "aws-cdk:subnet-name",
            "Value": "Private",
          },
          Object {
            "Key": "aws-cdk:subnet-type",
            "Value": "Private",
          },
        ],
        "VpcId": Object {
          "Ref": "VPCB9E5F0B4",
        },
      },
      "Type": "AWS::EC2::Subnet",
    },
    "VPCPrivateSubnet2DefaultRouteF4F5CFD2": Object {
      "Properties": Object {
        "DestinationCidrBlock": "0.0.0.0/0",
        "NatGatewayId": Object {
          "Ref": "VPCPublicSubnet2NATGateway3C070193",
        },
        "RouteTableId": Object {
          "Ref": "VPCPrivateSubnet2RouteTable0A19E10E",
        },
      },
      "Type": "AWS::EC2::Route",
    },
    "VPCPrivateSubnet2RouteTable0A19E10E": Object {
      "Properties": Object {
        "Tags": Array [
          Object {
            "Key": "Name",
            "Value": "EcsTemplateStack/VPC/PrivateSubnet2",
          },
        ],
        "VpcId": Object {
          "Ref": "VPCB9E5F0B4",
        },
      },
      "Type": "AWS::EC2::RouteTable",
    },
    "VPCPrivateSubnet2RouteTableAssociation0C73D413": Object {
      "Properties": Object {
        "RouteTableId": Object {
          "Ref": "VPCPrivateSubnet2RouteTable0A19E10E",
        },
        "SubnetId": Object {
          "Ref": "VPCPrivateSubnet2SubnetCFCDAA7A",
        },
      },
      "Type": "AWS::EC2::SubnetRouteTableAssociation",
    },
    "VPCPrivateSubnet2SubnetCFCDAA7A": Object {
      "Properties": Object {
        "AvailabilityZone": Object {
          "Fn::Select": Array [
            1,
            Object {
              "Fn::GetAZs": "",
            },
          ],
        },
        "CidrBlock": "10.0.192.0/18",
        "MapPublicIpOnLaunch": false,
        "Tags": Array [
          Object {
            "Key": "Name",
            "Value": "EcsTemplateStack/VPC/PrivateSubnet2",
          },
          Object {
            "Key": "aws-cdk:subnet-name",
            "Value": "Private",
          },
          Object {
            "Key": "aws-cdk:subnet-type",
            "Value": "Private",
          },
        ],
        "VpcId": Object {
          "Ref": "VPCB9E5F0B4",
        },
      },
      "Type": "AWS::EC2::Subnet",
    },
    "VPCPublicSubnet1DefaultRoute91CEF279": Object {
      "DependsOn": Array [
        "VPCVPCGW99B986DC",
      ],
      "Properties": Object {
        "DestinationCidrBlock": "0.0.0.0/0",
        "GatewayId": Object {
          "Ref": "VPCIGWB7E252D3",
        },
        "RouteTableId": Object {
          "Ref": "VPCPublicSubnet1RouteTableFEE4B781",
        },
      },
      "Type": "AWS::EC2::Route",
    },
    "VPCPublicSubnet1EIP6AD938E8": Object {
      "Properties": Object {
        "Domain": "vpc",
        "Tags": Array [
          Object {
            "Key": "Name",
            "Value": "EcsTemplateStack/VPC/PublicSubnet1",
          },
        ],
      },
      "Type": "AWS::EC2::EIP",
    },
    "VPCPublicSubnet1NATGatewayE0556630": Object {
      "Properties": Object {
        "AllocationId": Object {
          "Fn::GetAtt": Array [
            "VPCPublicSubnet1EIP6AD938E8",
            "AllocationId",
          ],
        },
        "SubnetId": Object {
          "Ref": "VPCPublicSubnet1SubnetB4246D30",
        },
        "Tags": Array [
          Object {
            "Key": "Name",
            "Value": "EcsTemplateStack/VPC/PublicSubnet1",
          },
        ],
      },
      "Type": "AWS::EC2::NatGateway",
    },
    "VPCPublicSubnet1RouteTableAssociation0B0896DC": Object {
      "Properties": Object {
        "RouteTableId": Object {
          "Ref": "VPCPublicSubnet1RouteTableFEE4B781",
        },
        "SubnetId": Object {
          "Ref": "VPCPublicSubnet1SubnetB4246D30",
        },
      },
      "Type": "AWS::EC2::SubnetRouteTableAssociation",
    },
    "VPCPublicSubnet1RouteTableFEE4B781": Object {
      "Properties": Object {
        "Tags": Array [
          Object {
            "Key": "Name",
            "Value": "EcsTemplateStack/VPC/PublicSubnet1",
          },
        ],
        "VpcId": Object {
          "Ref": "VPCB9E5F0B4",
        },
      },
      "Type": "AWS::EC2::RouteTable",
    },
    "VPCPublicSubnet1SubnetB4246D30": Object {
      "Properties": Object {
        "AvailabilityZone": Object {
          "Fn::Select": Array [
            0,
            Object {
              "Fn::GetAZs": "",
            },
          ],
        },
        "CidrBlock": "10.0.0.0/18",
        "MapPublicIpOnLaunch": true,
        "Tags": Array [
          Object {
            "Key": "Name",
            "Value": "EcsTemplateStack/VPC/PublicSubnet1",
          },
          Object {
            "Key": "aws-cdk:subnet-name",
            "Value": "Public",
          },
          Object {
            "Key": "aws-cdk:subnet-type",
            "Value": "Public",
          },
        ],
        "VpcId": Object {
          "Ref": "VPCB9E5F0B4",
        },
      },
      "Type": "AWS::EC2::Subnet",
    },
    "VPCPublicSubnet2DefaultRouteB7481BBA": Object {
      "DependsOn": Array [
        "VPCVPCGW99B986DC",
      ],
      "Properties": Object {
        "DestinationCidrBlock": "0.0.0.0/0",
        "GatewayId": Object {
          "Ref": "VPCIGWB7E252D3",
        },
        "RouteTableId": Object {
          "Ref": "VPCPublicSubnet2RouteTable6F1A15F1",
        },
      },
      "Type": "AWS::EC2::Route",
    },
    "VPCPublicSubnet2EIP4947BC00": Object {
      "Properties": Object {
        "Domain": "vpc",
        "Tags": Array [
          Object {
            "Key": "Name",
            "Value": "EcsTemplateStack/VPC/PublicSubnet2",
          },
        ],
      },
      "Type": "AWS::EC2::EIP",
    },
    "VPCPublicSubnet2NATGateway3C070193": Object {
      "Properties": Object {
        "AllocationId": Object {
          "Fn::GetAtt": Array [
            "VPCPublicSubnet2EIP4947BC00",
            "AllocationId",
          ],
        },
        "SubnetId": Object {
          "Ref": "VPCPublicSubnet2Subnet74179F39",
        },
        "Tags": Array [
          Object {
            "Key": "Name",
            "Value": "EcsTemplateStack/VPC/PublicSubnet2",
          },
        ],
      },
      "Type": "AWS::EC2::NatGateway",
    },
    "VPCPublicSubnet2RouteTable6F1A15F1": Object {
      "Properties": Object {
        "Tags": Array [
          Object {
            "Key": "Name",
            "Value": "EcsTemplateStack/VPC/PublicSubnet2",
          },
        ],
        "VpcId": Object {
          "Ref": "VPCB9E5F0B4",
        },
      },
      "Type": "AWS::EC2::RouteTable",
    },
    "VPCPublicSubnet2RouteTableAssociation5A808732": Object {
      "Properties": Object {
        "RouteTableId": Object {
          "Ref": "VPCPublicSubnet2RouteTable6F1A15F1",
        },
        "SubnetId": Object {
          "Ref": "VPCPublicSubnet2Subnet74179F39",
        },
      },
      "Type": "AWS::EC2::SubnetRouteTableAssociation",
    },
    "VPCPublicSubnet2Subnet74179F39": Object {
      "Properties": Object {
        "AvailabilityZone": Object {
          "Fn::Select": Array [
            1,
            Object {
              "Fn::GetAZs": "",
            },
          ],
        },
        "CidrBlock": "10.0.64.0/18",
        "MapPublicIpOnLaunch": true,
        "Tags": Array [
          Object {
            "Key": "Name",
            "Value": "EcsTemplateStack/VPC/PublicSubnet2",
          },
          Object {
            "Key": "aws-cdk:subnet-name",
            "Value": "Public",
          },
          Object {
            "Key": "aws-cdk:subnet-type",
            "Value": "Public",
          },
        ],
        "VpcId": Object {
          "Ref": "VPCB9E5F0B4",
        },
      },
      "Type": "AWS::EC2::Subnet",
    },
    "VPCVPCGW99B986DC": Object {
      "Properties": Object {
        "InternetGatewayId": Object {
          "Ref": "VPCIGWB7E252D3",
        },
        "VpcId": Object {
          "Ref": "VPCB9E5F0B4",
        },
      },
      "Type": "AWS::EC2::VPCGatewayAttachment",
    },
  },
}
`;
